bma2x2.c:117:29:bma2x2_burst_read	40	static
bma2x2.c:157:29:bma2x2_init	32	static
bma2x2.c:201:29:bma2x2_write_reg	32	static
bma2x2.c:241:29:bma2x2_read_reg	32	static
bma2x2.c:278:29:bma2x2_read_accel_x	32	static
bma2x2.c:358:29:bma2x2_read_accel_eight_resolution_x	32	static
bma2x2.c:399:29:bma2x2_read_accel_y	32	static
bma2x2.c:481:29:bma2x2_read_accel_eight_resolution_y	32	static
bma2x2.c:521:29:bma2x2_read_accel_z	32	static
bma2x2.c:603:29:bma2x2_read_accel_eight_resolution_z	32	static
bma2x2.c:641:29:bma2x2_read_accel_xyz	32	static
bma2x2.c:778:29:bma2x2_read_accel_eight_resolution_xyz	32	static
bma2x2.c:828:29:bma2x2_get_intr_tap_stat	32	static
bma2x2.c:861:29:bma2x2_get_intr_orient_stat	32	static
bma2x2.c:893:29:bma2x2_get_fifo_stat	32	static
bma2x2.c:927:29:bma2x2_get_fifo_frame_count	32	static
bma2x2.c:964:29:bma2x2_get_fifo_overrun	32	static
bma2x2.c:1002:29:bma2x2_get_intr_stat	32	static
bma2x2.c:1042:29:bma2x2_get_range	32	static
bma2x2.c:1083:29:bma2x2_set_range	32	static
bma2x2.c:1160:29:bma2x2_get_bw	32	static
bma2x2.c:1207:29:bma2x2_set_bw	32	static
bma2x2.c:1363:29:bma2x2_get_power_mode	32	static
bma2x2.c:1467:29:bma2x2_set_power_mode	32	static
bma2x2.c:1561:29:bma2x2_set_mode_value	24	static
bma2x2.c:1641:29:bma2x2_get_sleep_durn	32	static
bma2x2.c:1692:29:bma2x2_set_sleep_durn	32	static
bma2x2.c:1799:29:bma2x2_get_sleep_timer_mode	32	static
bma2x2.c:1840:29:bma2x2_set_sleep_timer_mode	32	static
bma2x2.c:1883:29:bma2x2_get_high_bw	32	static
bma2x2.c:1919:29:bma2x2_set_high_bw	32	static
bma2x2.c:1959:29:bma2x2_get_shadow_dis	32	static
bma2x2.c:1997:29:bma2x2_set_shadow_dis	32	static
bma2x2.c:2033:29:bma2x2_soft_rst	16	static
bma2x2.c:2067:29:bma2x2_update_image	24	static
bma2x2.c:2133:29:bma2x2_get_intr_enable	32	static
bma2x2.c:2293:29:bma2x2_set_intr_enable	32	static
bma2x2.c:2408:29:bma2x2_get_intr_fifo_full	32	static
bma2x2.c:2449:29:bma2x2_set_intr_fifo_full	32	static
bma2x2.c:2500:29:bma2x2_get_intr_fifo_wm	32	static
bma2x2.c:2543:29:bma2x2_set_intr_fifo_wm	32	static
bma2x2.c:2599:29:bma2x2_get_slow_no_motion	32	static
bma2x2.c:2681:29:bma2x2_set_slow_no_motion	32	static
bma2x2.c:2783:29:bma2x2_get_intr_low_g	32	static
bma2x2.c:2849:29:bma2x2_set_intr_low_g	32	static
bma2x2.c:2918:29:bma2x2_get_intr_high_g	32	static
bma2x2.c:2981:29:bma2x2_set_intr_high_g	32	static
bma2x2.c:3054:29:bma2x2_get_intr_slope	32	static
bma2x2.c:3119:29:bma2x2_set_intr_slope	32	static
bma2x2.c:3193:29:bma2x2_get_intr_slow_no_motion	32	static
bma2x2.c:3259:29:bma2x2_set_intr_slow_no_motion	32	static
bma2x2.c:3334:29:bma2x2_get_intr_double_tap	32	static
bma2x2.c:3399:29:bma2x2_set_intr_double_tap	32	static
bma2x2.c:3473:29:bma2x2_get_intr_single_tap	32	static
bma2x2.c:3537:29:bma2x2_set_intr_single_tap	32	static
bma2x2.c:3609:29:bma2x2_get_intr_orient	32	static
bma2x2.c:3672:29:bma2x2_set_intr_orient	32	static
bma2x2.c:3745:29:bma2x2_get_intr_flat	32	static
bma2x2.c:3810:29:bma2x2_set_intr_flat	32	static
bma2x2.c:3882:29:bma2x2_get_new_data	32	static
bma2x2.c:3946:29:bma2x2_set_new_data	32	static
bma2x2.c:4009:29:bma2x2_get_intr1_fifo_wm	32	static
bma2x2.c:4048:29:bma2x2_set_intr1_fifo_wm	32	static
bma2x2.c:4096:29:bma2x2_get_intr2_fifo_wm	32	static
bma2x2.c:4135:29:bma2x2_set_intr2_fifo_wm	32	static
bma2x2.c:4185:29:bma2x2_get_intr1_fifo_full	32	static
bma2x2.c:4226:29:bma2x2_set_intr1_fifo_full	32	static
bma2x2.c:4277:29:bma2x2_get_intr2_fifo_full	32	static
bma2x2.c:4319:29:bma2x2_set_intr2_fifo_full	32	static
bma2x2.c:4379:29:bma2x2_get_source	32	static
bma2x2.c:4476:29:bma2x2_set_source	32	static
bma2x2.c:4594:29:bma2x2_get_intr_output_type	32	static
bma2x2.c:4656:29:bma2x2_set_intr_output_type	32	static
bma2x2.c:4725:29:bma2x2_get_intr_level	32	static
bma2x2.c:4786:29:bma2x2_set_intr_level	32	static
bma2x2.c:4849:29:bma2x2_rst_intr	32	static
bma2x2.c:4902:29:bma2x2_get_latch_intr	32	static
bma2x2.c:4954:29:bma2x2_set_latch_intr	32	static
bma2x2.c:5103:29:bma2x2_get_durn	32	static
bma2x2.c:5194:29:bma2x2_set_durn	32	static
bma2x2.c:5312:29:bma2x2_get_thres	32	static
bma2x2.c:5424:29:bma2x2_set_thres	24	static
bma2x2.c:5505:29:bma2x2_get_low_high_g_hyst	32	static
bma2x2.c:5574:29:bma2x2_set_low_high_g_hyst	32	static
bma2x2.c:5634:29:bma2x2_get_low_g_mode	32	static
bma2x2.c:5672:29:bma2x2_set_low_g_mode	32	static
bma2x2.c:5721:29:bma2x2_get_tap_durn	32	static
bma2x2.c:5767:29:bma2x2_set_tap_durn	32	static
bma2x2.c:5810:29:bma2x2_get_tap_shock	32	static
bma2x2.c:5850:29:bma2x2_set_tap_shock	32	static
bma2x2.c:5892:29:bma2x2_get_tap_quiet	32	static
bma2x2.c:5931:29:bma2x2_set_tap_quiet	32	static
bma2x2.c:5978:29:bma2x2_get_tap_thres	32	static
bma2x2.c:6021:29:bma2x2_set_tap_thres	32	static
bma2x2.c:6065:29:bma2x2_get_tap_sample	32	static
bma2x2.c:6107:29:bma2x2_set_tap_sample	32	static
bma2x2.c:6152:29:bma2x2_get_orient_mode	32	static
bma2x2.c:6194:29:bma2x2_set_orient_mode	32	static
bma2x2.c:6244:29:bma2x2_get_orient_block	32	static
bma2x2.c:6293:29:bma2x2_set_orient_block	32	static
bma2x2.c:6333:29:bma2x2_get_orient_hyst	32	static
bma2x2.c:6370:29:bma2x2_set_orient_hyst	32	static
bma2x2.c:6418:29:bma2x2_get_theta	32	static
bma2x2.c:6480:29:bma2x2_set_theta	32	static
bma2x2.c:6539:29:bma2x2_get_orient_enable	32	static
bma2x2.c:6578:29:bma2x2_set_orient_enable	32	static
bma2x2.c:6619:29:bma2x2_get_flat_hyst	32	static
bma2x2.c:6657:29:bma2x2_set_flat_hyst	32	static
bma2x2.c:6702:29:bma2x2_get_flat_hold_time	32	static
bma2x2.c:6746:29:bma2x2_set_flat_hold_time	32	static
bma2x2.c:6788:29:bma2x2_get_fifo_wml_trig	32	static
bma2x2.c:6827:29:bma2x2_set_fifo_wml_trig	32	static
bma2x2.c:6882:29:bma2x2_get_selftest_axis	32	static
bma2x2.c:6925:29:bma2x2_set_selftest_axis	32	static
bma2x2.c:6973:29:bma2x2_get_selftest_sign	32	static
bma2x2.c:7014:29:bma2x2_set_selftest_sign	32	static
bma2x2.c:7061:29:bma2x2_get_nvmprog_mode	32	static
bma2x2.c:7099:29:bma2x2_set_nvmprog_mode	32	static
bma2x2.c:7143:29:bma2x2_set_nvprog_trig	32	static
bma2x2.c:7186:29:bma2x2_get_nvmprog_ready	32	static
bma2x2.c:7226:29:bma2x2_get_nvmprog_remain	32	static
bma2x2.c:7266:29:bma2x2_get_spi3	32	static
bma2x2.c:7307:29:bma2x2_set_spi3	32	static
bma2x2.c:7362:29:bma2x2_get_i2c_wdt	32	static
bma2x2.c:7429:29:bma2x2_set_i2c_wdt	32	static
bma2x2.c:7502:29:bma2x2_get_slow_comp	32	static
bma2x2.c:7578:29:bma2x2_set_slow_comp	32	static
bma2x2.c:7655:29:bma2x2_get_cal_rdy	32	static
bma2x2.c:7693:29:bma2x2_set_cal_trigger	32	static
bma2x2.c:7733:29:bma2x2_set_offset_rst	32	static
bma2x2.c:7795:29:bma2x2_get_offset_target	32	static
bma2x2.c:7889:29:bma2x2_set_offset_target	32	static
bma2x2.c:7982:29:bma2x2_get_offset	32	static
bma2x2.c:8048:29:bma2x2_set_offset	24	static
bma2x2.c:8107:29:bma2x2_get_fifo_mode	32	static
bma2x2.c:8148:29:bma2x2_set_fifo_mode	32	static
bma2x2.c:8209:29:bma2x2_get_fifo_data_select	32	static
bma2x2.c:8251:29:bma2x2_set_fifo_data_select	32	static
bma2x2.c:8317:29:bma2x2_read_fifo_data	32	static
bma2x2.c:8388:29:bma2x2_extract_accel	48	static
bma2x2.c:8428:13:get_accel_len_to_parse	24	static
bma2x2.c:8463:13:unpack_accel_frame	32	static
bma2x2.c:8554:13:unpack_accel_xyz	32	static
bma2x2.c:8607:29:bma2x2_read_temp	32	static
bma2x2.c:8641:29:bma2x2_read_accel_xyzt	32	static
bma2x2.c:8774:29:bma2x2_read_accel_eight_resolution_xyzt	32	static
bma2x2.c:8830:29:bma2x2_get_fifo_data_output_reg	32	static
